
Memory Configuration

Name             Origin             Length             Attributes
flash            0x00000000         0x20000000         xr
sram             0x20000000         0x20000000         xrw
*default*        0x00000000         0xffffffff

Linker script and memory map


.text           0x00000000      0x19c
 *(.vectors*)
 .vectors       0x00000000       0x10 startup.o
                0x00000000                g_p_Vectors
 *(.text*)
 .text          0x00000010       0xd0 app.o
                0x00000010                main
 .text          0x000000e0       0xbc startup.o
                0x000000e0                H_fault_Handler
                0x000000e0                Default_Handler
                0x000000e0                NMI_Handler
                0x000000ec                Reset_Handler
 *(.rodata*)
                0x0000019c                _E_text = .

.glue_7         0x0000019c        0x0
 .glue_7        0x00000000        0x0 linker stubs

.glue_7t        0x0000019c        0x0
 .glue_7t       0x00000000        0x0 linker stubs

.vfp11_veneer   0x0000019c        0x0
 .vfp11_veneer  0x00000000        0x0 linker stubs

.v4_bx          0x0000019c        0x0
 .v4_bx         0x00000000        0x0 linker stubs

.iplt           0x0000019c        0x0
 .iplt          0x00000000        0x0 app.o

.rel.dyn        0x0000019c        0x0
 .rel.iplt      0x00000000        0x0 app.o

.data           0x20000000        0x0 load address 0x0000019c
                0x20000000                _S_Data = .
 *(.data*)
 .data          0x20000000        0x0 app.o
 .data          0x20000000        0x0 startup.o
                0x20000000                . = ALIGN (0x4)
                0x20000000                _E_Data = .

.igot.plt       0x20000000        0x0 load address 0x0000019c
 .igot.plt      0x00000000        0x0 app.o

.bss            0x20000000      0x400 load address 0x0000019c
                0x20000000                _S_Bss = .
 *(.bss*)
 .bss           0x20000000        0x0 app.o
 .bss           0x20000000      0x400 startup.o
                0x20000400                _E_Bss = .
LOAD app.o
LOAD startup.o
OUTPUT(Unit3_Lab4_cortexM4.elf elf32-littlearm)

.debug_info     0x00000000      0x23e
 .debug_info    0x00000000       0xa5 app.o
 .debug_info    0x000000a5      0x199 startup.o

.debug_abbrev   0x00000000      0x13c
 .debug_abbrev  0x00000000       0x67 app.o
 .debug_abbrev  0x00000067       0xd5 startup.o

.debug_loc      0x00000000       0x9c
 .debug_loc     0x00000000       0x38 app.o
 .debug_loc     0x00000038       0x64 startup.o

.debug_aranges  0x00000000       0x40
 .debug_aranges
                0x00000000       0x20 app.o
 .debug_aranges
                0x00000020       0x20 startup.o

.debug_line     0x00000000      0x113
 .debug_line    0x00000000       0x62 app.o
 .debug_line    0x00000062       0xb1 startup.o

.debug_str      0x00000000      0x181
 .debug_str     0x00000000       0xed app.o
                                0x121 (size before relaxing)
 .debug_str     0x000000ed       0x94 startup.o
                                0x19d (size before relaxing)

.comment        0x00000000       0x11
 .comment       0x00000000       0x11 app.o
                                 0x12 (size before relaxing)
 .comment       0x00000000       0x12 startup.o

.ARM.attributes
                0x00000000       0x33
 .ARM.attributes
                0x00000000       0x33 app.o
 .ARM.attributes
                0x00000033       0x33 startup.o

.debug_frame    0x00000000       0x78
 .debug_frame   0x00000000       0x2c app.o
 .debug_frame   0x0000002c       0x4c startup.o
