22:32:17 **** Incremental Build of configuration Release for project Lab1 ****
make -j8 all 
arm-none-eabi-gcc "../Src/main.c" -mcpu=cortex-m3 -std=gnu11 -DSTM32 -DSTM32F1 -DSTM32F103C6Tx -c -I../Inc -Os -ffunction-sections -fdata-sections -Wall -fstack-usage -MMD -MP -MF"Src/main.d" -MT"Src/main.o" --specs=nano.specs -mfloat-abi=soft -mthumb -o "Src/main.o"
arm-none-eabi-gcc -o "Lab1.elf" @"objects.list"   -mcpu=cortex-m3 -T"D:\badawy\Embedded_deploma\Unit6_MCU_Fundamentals\Unit6_MCU_Fundamentals_lesson3\Lab1\STM32F103C6TX_FLASH.ld" --specs=nosys.specs -Wl,-Map="Lab1.map" -Wl,--gc-sections -static --specs=nano.specs -mfloat-abi=soft -mthumb -Wl,--start-group -lc -lm -Wl,--end-group
Finished building target: Lab1.elf
 
arm-none-eabi-objdump -h -S  Lab1.elf  > "Lab1.list"
arm-none-eabi-objcopy  -O binary  Lab1.elf  "Lab1.bin"
arm-none-eabi-size   Lab1.elf 
   text	   data	    bss	    dec	    hex	filename
    612	      8	   1568	   2188	    88c	Lab1.elf
Finished building: default.size.stdout
 
Finished building: Lab1.bin
Finished building: Lab1.list
 
 

22:32:18 Build Finished. 0 errors, 0 warnings. (took 565ms)

