
Allocating common symbols
Common symbol       size              file

pAlarm_Monitor      0x4               Alarm_Monitor.o
Alarm_actuator_state_id
                    0x1               Alarm_actuator.o
pPressure_sensor    0x4               Pressure_sensor.o
pMain_Algo          0x4               Main_Algo.o
Main_Algo_state_id  0x1               main.o
pressure_sensor_state_id
                    0x1               main.o
pAlarm_actuator     0x4               Alarm_actuator.o
Alarm_Monitor_state_id
                    0x1               Alarm_Monitor.o

Memory Configuration

Name             Origin             Length             Attributes
flash            0x00000000         0x20000000         xr
sram             0x20000000         0x20000000         xrw
*default*        0x00000000         0xffffffff

Linker script and memory map


.text           0x00000000      0x3c4
 *(.vectors*)
 .vectors       0x00000000       0x50 startup.o
 *(.text*)
 .text          0x00000050       0x90 Alarm_actuator.o
                0x00000050                Start_alarm
                0x00000060                Stop_alarm
                0x00000070                _Alarm_actuator_AlarmON_
                0x0000009c                _Alarm_actuator_AlarmOFF_
                0x000000c8                _Alarm_actuator_Waiting_
 .text          0x000000e0       0x70 Alarm_Monitor.o
                0x000000e0                high_pressure_detected
                0x00000104                _Alarm_Monitor_AlarmON_
                0x00000138                _Alarm_Monitor_Waiting_
 .text          0x00000150      0x10c driver.o
                0x00000150                Delay
                0x00000174                getPressureVal
                0x0000018c                Set_Alarm_actuator
                0x000001dc                GPIO_INITIALIZATION
 .text          0x0000025c       0x90 main.o
                0x0000025c                init
                0x000002b0                main
 .text          0x000002ec       0x58 Main_Algo.o
                0x000002ec                sendPressureVal
                0x0000030c                _Main_Algo_Waiting_
 .text          0x00000344       0x78 Pressure_sensor.o
                0x00000344                _pressure_sensor_Reading_
                0x0000038c                _pressure_sensor_Waiting_
 .text          0x000003bc        0x8 startup.o
 *(.rodata*)
                0x000003c4                _E_text = .

.glue_7         0x000003c4        0x0
 .glue_7        0x00000000        0x0 linker stubs

.glue_7t        0x000003c4        0x0
 .glue_7t       0x00000000        0x0 linker stubs

.vfp11_veneer   0x000003c4        0x0
 .vfp11_veneer  0x00000000        0x0 linker stubs

.v4_bx          0x000003c4        0x0
 .v4_bx         0x00000000        0x0 linker stubs

.iplt           0x000003c4        0x0
 .iplt          0x00000000        0x0 Alarm_actuator.o

.rel.dyn        0x000003c4        0x0
 .rel.iplt      0x00000000        0x0 Alarm_actuator.o

.data           0x20000000        0x0 load address 0x000003c4
                0x20000000                _S_Data = .
 *(.data*)
 .data          0x20000000        0x0 Alarm_actuator.o
 .data          0x20000000        0x0 Alarm_Monitor.o
 .data          0x20000000        0x0 driver.o
 .data          0x20000000        0x0 main.o
 .data          0x20000000        0x0 Main_Algo.o
 .data          0x20000000        0x0 Pressure_sensor.o
 .data          0x20000000        0x0 startup.o
                0x20000000                . = ALIGN (0x4)
                0x20000000                _E_Data = .

.igot.plt       0x20000000        0x0 load address 0x000003c4
 .igot.plt      0x00000000        0x0 Alarm_actuator.o

.bss            0x20000000       0x20 load address 0x000003c4
                0x20000000                _S_Bss = .
 *(.bss*)
 .bss           0x20000000        0x0 Alarm_actuator.o
 .bss           0x20000000        0x0 Alarm_Monitor.o
 .bss           0x20000000        0x0 driver.o
 .bss           0x20000000        0x0 main.o
 .bss           0x20000000        0x4 Main_Algo.o
 .bss           0x20000004        0x4 Pressure_sensor.o
 .bss           0x20000008        0x0 startup.o
                0x20000008                _E_Bss = .
 COMMON         0x20000008        0x8 Alarm_actuator.o
                0x20000008                Alarm_actuator_state_id
                0x2000000c                pAlarm_actuator
 COMMON         0x20000010        0x5 Alarm_Monitor.o
                0x20000010                pAlarm_Monitor
                0x20000014                Alarm_Monitor_state_id
 COMMON         0x20000015        0x2 main.o
                0x20000015                Main_Algo_state_id
                0x20000016                pressure_sensor_state_id
 *fill*         0x20000017        0x1 
 COMMON         0x20000018        0x4 Main_Algo.o
                0x20000018                pMain_Algo
 COMMON         0x2000001c        0x4 Pressure_sensor.o
                0x2000001c                pPressure_sensor
LOAD Alarm_actuator.o
LOAD Alarm_Monitor.o
LOAD driver.o
LOAD main.o
LOAD Main_Algo.o
LOAD Pressure_sensor.o
LOAD startup.o
OUTPUT(Pressure_Detection.elf elf32-littlearm)

.debug_info     0x00000000      0x74c
 .debug_info    0x00000000      0x12f Alarm_actuator.o
 .debug_info    0x0000012f      0x103 Alarm_Monitor.o
 .debug_info    0x00000232      0x103 driver.o
 .debug_info    0x00000335      0x185 main.o
 .debug_info    0x000004ba      0x109 Main_Algo.o
 .debug_info    0x000005c3       0xfb Pressure_sensor.o
 .debug_info    0x000006be       0x8e startup.o

.debug_abbrev   0x00000000      0x3bb
 .debug_abbrev  0x00000000       0x92 Alarm_actuator.o
 .debug_abbrev  0x00000092       0x94 Alarm_Monitor.o
 .debug_abbrev  0x00000126       0x9d driver.o
 .debug_abbrev  0x000001c3       0xa5 main.o
 .debug_abbrev  0x00000268       0xb4 Main_Algo.o
 .debug_abbrev  0x0000031c       0x8b Pressure_sensor.o
 .debug_abbrev  0x000003a7       0x14 startup.o

.debug_loc      0x00000000      0x33c
 .debug_loc     0x00000000       0xdc Alarm_actuator.o
 .debug_loc     0x000000dc       0x84 Alarm_Monitor.o
 .debug_loc     0x00000160       0xc8 driver.o
 .debug_loc     0x00000228       0x58 main.o
 .debug_loc     0x00000280       0x64 Main_Algo.o
 .debug_loc     0x000002e4       0x58 Pressure_sensor.o

.debug_aranges  0x00000000       0xe0
 .debug_aranges
                0x00000000       0x20 Alarm_actuator.o
 .debug_aranges
                0x00000020       0x20 Alarm_Monitor.o
 .debug_aranges
                0x00000040       0x20 driver.o
 .debug_aranges
                0x00000060       0x20 main.o
 .debug_aranges
                0x00000080       0x20 Main_Algo.o
 .debug_aranges
                0x000000a0       0x20 Pressure_sensor.o
 .debug_aranges
                0x000000c0       0x20 startup.o

.debug_line     0x00000000      0x2ee
 .debug_line    0x00000000       0x64 Alarm_actuator.o
 .debug_line    0x00000064       0x5f Alarm_Monitor.o
 .debug_line    0x000000c3       0x9c driver.o
 .debug_line    0x0000015f       0xa2 main.o
 .debug_line    0x00000201       0x52 Main_Algo.o
 .debug_line    0x00000253       0x60 Pressure_sensor.o
 .debug_line    0x000002b3       0x3b startup.o

.debug_str      0x00000000      0x3f8
 .debug_str     0x00000000      0x1b5 Alarm_actuator.o
                                0x1ee (size before relaxing)
 .debug_str     0x000001b5       0xb5 Alarm_Monitor.o
                                0x1af (size before relaxing)
 .debug_str     0x0000026a       0x55 driver.o
                                0x14f (size before relaxing)
 .debug_str     0x000002bf       0xad main.o
                                0x285 (size before relaxing)
 .debug_str     0x0000036c       0x46 Main_Algo.o
                                0x176 (size before relaxing)
 .debug_str     0x000003b2       0x46 Pressure_sensor.o
                                0x1b5 (size before relaxing)

.comment        0x00000000       0x11
 .comment       0x00000000       0x11 Alarm_actuator.o
                                 0x12 (size before relaxing)
 .comment       0x00000000       0x12 Alarm_Monitor.o
 .comment       0x00000000       0x12 driver.o
 .comment       0x00000000       0x12 main.o
 .comment       0x00000000       0x12 Main_Algo.o
 .comment       0x00000000       0x12 Pressure_sensor.o

.ARM.attributes
                0x00000000       0x31
 .ARM.attributes
                0x00000000       0x33 Alarm_actuator.o
 .ARM.attributes
                0x00000033       0x33 Alarm_Monitor.o
 .ARM.attributes
                0x00000066       0x33 driver.o
 .ARM.attributes
                0x00000099       0x33 main.o
 .ARM.attributes
                0x000000cc       0x33 Main_Algo.o
 .ARM.attributes
                0x000000ff       0x33 Pressure_sensor.o
 .ARM.attributes
                0x00000132       0x21 startup.o

.debug_frame    0x00000000      0x240
 .debug_frame   0x00000000       0x90 Alarm_actuator.o
 .debug_frame   0x00000090       0x60 Alarm_Monitor.o
 .debug_frame   0x000000f0       0x78 driver.o
 .debug_frame   0x00000168       0x48 main.o
 .debug_frame   0x000001b0       0x48 Main_Algo.o
 .debug_frame   0x000001f8       0x48 Pressure_sensor.o
